// Jest Snapshot v1, https://goo.gl/fbAQLP

exports[`PokemonPage Component debe de hacer match con el snapshot una vez cargado los pokemons 1`] = `
<div>
  <div>
    <h1>¿Quién es este pokemon?</h1>
    <!--TODO: img-->
    <pokemon-picture-stub pokemonid="5" showpokemon="false"></pokemon-picture-stub>
    <!--TODO: opciones-->
    <pokemon-options-stub pokemons="[object Object],[object Object],[object Object],[object Object]"></pokemon-options-stub>
    <!--v-if-->
  </div>
</div>
`;

exports[`PokemonPage Component debe de hacer un match con el snapshot 1`] = `
<div>
  <h1>Cargando...</h1>
</div>
`;
